<repo>/make_figures.py:7: SyntaxWarning: invalid escape sequence '\i'
  fig2  figure*  \includegraphics[width=\textwidth]{fig2_specparam_impact}
<repo>/style.py:9: SyntaxWarning: invalid escape sequence '\c'
  Single column (\columnwidth): use COL1 = 3.39 in
  fig2...
  saved <repo>/figures/fig2_specparam_impact
  fig3...
  saved <repo>/figures/fig3_freq_sweep
  fig4...
  saved <repo>/figures/fig4_spurious_reduction
  fig5...
  saved <repo>/figures/fig5_exemplar
  figS1...
  saved <repo>/figures/figS1_method_rmse
  figS2...
  saved <repo>/figures/figS2_summary
  figS3...
  saved <repo>/figures/figS3_db_rmse
  figS4...
  saved <repo>/figures/figS4_lopo

Figures in <repo>/figures/
