Frequency range sweep (fooof)

  [2, 30]...
  9438 spectra, freq_range=[2, 30]
    n=9438  exp_rmse=0.0352  det=86.9%  spur=15.5%

  [2, 40]...
  9438 spectra, freq_range=[2, 40]
    n=9438  exp_rmse=0.0354  det=84.0%  spur=17.9%

  [2, 45]...
  9438 spectra, freq_range=[2, 45]
    n=9438  exp_rmse=0.0374  det=81.4%  spur=20.6%

  [2, 50]...
  9438 spectra, freq_range=[2, 50]
    n=9438  exp_rmse=0.0410  det=79.2%  spur=22.0%

  [2, 60]...
  9438 spectra, freq_range=[2, 60]
    n=9438  exp_rmse=0.0560  det=72.9%  spur=26.0%

  [2, 80]...
  9438 spectra, freq_range=[2, 80]
    n=9438  exp_rmse=0.1094  det=55.3%  spur=44.2%

================================================================================
     Range      n   Exp RMSE   Detect  Spurious        dR2
--------------------------------------------------------------------------------
    [2,30]   9438     0.0352    86.9%     15.5%    -0.0014
    [2,40]   9438     0.0354    84.0%     17.9%    -0.0029
    [2,45]   9438     0.0374    81.4%     20.6%    -0.0037
    [2,50]   9438     0.0410    79.2%     22.0%    -0.0046
    [2,60]   9438     0.0560    72.9%     26.0%    -0.0072
    [2,80]   9438     0.1094    55.3%     44.2%    -0.0149

  Saved to <repo>/results/specparam/
