Specparam after correction (fooof, range=[2, 45])
  raw: 9438 spectra... det=81.4% spur=20.6% exp_rmse=0.0374
  sg: 9438 spectra... det=76.2% spur=20.0% exp_rmse=0.0394
  sg_sel: 9438 spectra... det=78.4% spur=20.5% exp_rmse=0.0370
  svd: 9438 spectra... det=40.6% spur=45.8% exp_rmse=8.9543
  sccd: 9438 spectra... det=51.6% spur=32.5% exp_rmse=0.0798
  qppca: 9438 spectra... det=81.1% spur=18.3% exp_rmse=0.0327
  qmf: 9438 spectra... det=73.0% spur=19.7% exp_rmse=0.0535
  dae: 9438 spectra... det=52.0% spur=32.2% exp_rmse=0.0735

================================================================================
  TABLE 3: Specparam after correction, [2, 45]
================================================================================
    Method      n   Detect  Spurious   Exp RMSE
--------------------------------------------------
       raw   9438    81.4%     20.6%     0.0374
        sg   9438    76.2%     20.0%     0.0394
    sg_sel   9438    78.4%     20.5%     0.0370
       svd   9414    40.6%     45.8%     8.9543
      sccd   9438    51.6%     32.5%     0.0798
     qppca   9438    81.1%     18.3%     0.0327
       qmf   9438    73.0%     19.7%     0.0535
       dae   9438    52.0%     32.2%     0.0735

  Saved <repo>/results/specparam/correction_results.json
